// Jest Snapshot v1, https://goo.gl/fbAQLP

exports[`loads and displays the app 1`] = `
Object {
  "asFragment": [Function],
  "baseElement": <body>
    <div>
      <header>
        <nav>
          <h1>
            <img
              src="https://www.transport.nsw.gov.au/themes/tfnsw_corp_theme/source/tfnsw/components/header/images/logo-TfNSW.png"
            />
          </h1>
        </nav>
      </header>
      <main>
        <h1>
          Bus Report
        </h1>
        <div
          id="loader"
        >
          <span />
          <span />
          <span />
          <span />
          <span />
        </div>
      </main>
      <footer>
        <p>
          Copyright 
          2023
           Transport for NSW.
        </p>
      </footer>
    </div>
  </body>,
  "container": <div>
    <header>
      <nav>
        <h1>
          <img
            src="https://www.transport.nsw.gov.au/themes/tfnsw_corp_theme/source/tfnsw/components/header/images/logo-TfNSW.png"
          />
        </h1>
      </nav>
    </header>
    <main>
      <h1>
        Bus Report
      </h1>
      <div
        id="loader"
      >
        <span />
        <span />
        <span />
        <span />
        <span />
      </div>
    </main>
    <footer>
      <p>
        Copyright 
        2023
         Transport for NSW.
      </p>
    </footer>
  </div>,
  "debug": [Function],
  "findAllByAltText": [Function],
  "findAllByDisplayValue": [Function],
  "findAllByLabelText": [Function],
  "findAllByPlaceholderText": [Function],
  "findAllByRole": [Function],
  "findAllByTestId": [Function],
  "findAllByText": [Function],
  "findAllByTitle": [Function],
  "findByAltText": [Function],
  "findByDisplayValue": [Function],
  "findByLabelText": [Function],
  "findByPlaceholderText": [Function],
  "findByRole": [Function],
  "findByTestId": [Function],
  "findByText": [Function],
  "findByTitle": [Function],
  "getAllByAltText": [Function],
  "getAllByDisplayValue": [Function],
  "getAllByLabelText": [Function],
  "getAllByPlaceholderText": [Function],
  "getAllByRole": [Function],
  "getAllByTestId": [Function],
  "getAllByText": [Function],
  "getAllByTitle": [Function],
  "getByAltText": [Function],
  "getByDisplayValue": [Function],
  "getByLabelText": [Function],
  "getByPlaceholderText": [Function],
  "getByRole": [Function],
  "getByTestId": [Function],
  "getByText": [Function],
  "getByTitle": [Function],
  "queryAllByAltText": [Function],
  "queryAllByDisplayValue": [Function],
  "queryAllByLabelText": [Function],
  "queryAllByPlaceholderText": [Function],
  "queryAllByRole": [Function],
  "queryAllByTestId": [Function],
  "queryAllByText": [Function],
  "queryAllByTitle": [Function],
  "queryByAltText": [Function],
  "queryByDisplayValue": [Function],
  "queryByLabelText": [Function],
  "queryByPlaceholderText": [Function],
  "queryByRole": [Function],
  "queryByTestId": [Function],
  "queryByText": [Function],
  "queryByTitle": [Function],
  "rerender": [Function],
  "unmount": [Function],
}
`;
